[megaone.themesindustry.com/index-personal.html]
[backblue.gif]
[fade.gif]
[index.html]
[megaone.themesindustry.com/personal/img/favicon.ico]
[megaone.themesindustry.com/vendor/css/bundle.min.css]
[megaone.themesindustry.com/vendor/css/LineIcons.min.css]
[megaone.themesindustry.com/vendor/css/revolution-settings.min.css]
[megaone.themesindustry.com/vendor/css/jquery.fancybox.min.css]
[megaone.themesindustry.com/vendor/css/owl.carousel.min.css]
[megaone.themesindustry.com/vendor/css/swiper.min.css]
[megaone.themesindustry.com/vendor/css/cubeportfolio.min.css]
[megaone.themesindustry.com/personal/css/page-animation.css]
[megaone.themesindustry.com/personal/css/style.css]
[megaone.themesindustry.com/personal/img/logo.png]
[megaone.themesindustry.com/personal/img/girl.png]
[megaone.themesindustry.com/personal/img/service-image.jpg]
[megaone.themesindustry.com/personal/img/port-1.jpg]
[megaone.themesindustry.com/personal/img/port-2.jpg]
[megaone.themesindustry.com/personal/img/port-3.jpg]
[megaone.themesindustry.com/personal/img/port-4.jpg]
[megaone.themesindustry.com/personal/img/port-5.jpg]
[megaone.themesindustry.com/personal/img/avatar-1.png]
[megaone.themesindustry.com/personal/img/avatar-2.png]
[megaone.themesindustry.com/personal/img/avatar-3.png]
[megaone.themesindustry.com/personal/img/client-1.png]
[megaone.themesindustry.com/personal/img/client-2.png]
[megaone.themesindustry.com/personal/img/client-3.png]
[megaone.themesindustry.com/personal/img/client-4.png]
[megaone.themesindustry.com/vendor/js/jquery.appear.js]
[megaone.themesindustry.com/vendor/js/owl.carousel.min.js]
[megaone.themesindustry.com/vendor/js/jquery.fancybox.min.js]
[megaone.themesindustry.com/vendor/js/bundle.min.js]
[megaone.themesindustry.com/vendor/js/jquery.cubeportfolio.min.js]
[megaone.themesindustry.com/vendor/js/TweenMax.min.js]
[megaone.themesindustry.com/vendor/js/extensions/revolution.extension.actions.min.js]
[megaone.themesindustry.com/vendor/js/extensions/revolution.extension.carousel.min.js]
[megaone.themesindustry.com/vendor/js/jquery.themepunch.tools.min.js]
[megaone.themesindustry.com/vendor/js/jquery.themepunch.revolution.min.js]
[megaone.themesindustry.com/vendor/js/extensions/revolution.extension.kenburn.min.js]
[megaone.themesindustry.com/vendor/js/extensions/revolution.extension.migration.min.js]
[megaone.themesindustry.com/vendor/js/extensions/revolution.extension.layeranimation.min.js]
[megaone.themesindustry.com/vendor/js/extensions/revolution.extension.parallax.min.js]
[megaone.themesindustry.com/vendor/js/extensions/revolution.extension.navigation.min.js]
[megaone.themesindustry.com/vendor/js/extensions/revolution.extension.slideanims.min.js]
[megaone.themesindustry.com/vendor/js/extensions/revolution.extension.video.min.js]
[megaone.themesindustry.com/personal/js/map.js]
[megaone.themesindustry.com/index-personal.html]
[megaone.themesindustry.com/personal/js/script.js]
[megaone.themesindustry.com/personal/js/page-transition.js]
[megaone.themesindustry.com/vendor/fonts/fa-brands-400.eot]
[megaone.themesindustry.com/vendor/fonts/fa-brands-400d41d.eot]
[megaone.themesindustry.com/vendor/fonts/fa-brands-400.woff]
[megaone.themesindustry.com/vendor/fonts/fa-brands-400.ttf]
[megaone.themesindustry.com/vendor/fonts/fa-brands-400.svg]
[megaone.themesindustry.com/vendor/fonts/fa-regular-400.eot]
[megaone.themesindustry.com/vendor/fonts/fa-regular-400.woff]
[megaone.themesindustry.com/vendor/fonts/fa-regular-400d41d.eot]
[megaone.themesindustry.com/vendor/fonts/fa-regular-400.ttf]
[megaone.themesindustry.com/vendor/fonts/fa-regular-400.svg]
[megaone.themesindustry.com/vendor/fonts/fa-solid-900.eot]
[megaone.themesindustry.com/vendor/fonts/fa-solid-900d41d.eot]
[megaone.themesindustry.com/vendor/fonts/fa-solid-900.woff]
[megaone.themesindustry.com/vendor/fonts/fa-solid-900.ttf]
[megaone.themesindustry.com/vendor/fonts/fa-solid-900.svg]
[megaone.themesindustry.com/vendor/css/bundle.min.css]
[megaone.themesindustry.com/vendor/fonts/LineIcons5594.eot]
[megaone.themesindustry.com/vendor/fonts/LineIcons5594.ttf]
[megaone.themesindustry.com/vendor/fonts/LineIcons5594.woff]
[megaone.themesindustry.com/vendor/fonts/LineIcons5594.svg]
[megaone.themesindustry.com/vendor/css/LineIcons.min.css]
[megaone.themesindustry.com/vendor/fonts/revicons90c6.eot]
[megaone.themesindustry.com/vendor/css/revolution-settings.min.css]
[megaone.themesindustry.com/vendor/css/jquery.fancybox.min.css]
[megaone.themesindustry.com/vendor/css/owl.carousel.min.css]
[megaone.themesindustry.com/vendor/css/swiper.min.css]
[megaone.themesindustry.com/vendor/img/cbp-sprite.png]
[megaone.themesindustry.com/vendor/css/cubeportfolio.min.css]
[megaone.themesindustry.com/personal/css/page-animation.css]
[megaone.themesindustry.com/personal/img/map.jpg]
[megaone.themesindustry.com/personal/css/style.css]
[megaone.themesindustry.com/vendor/fonts/fa-brands-400.html]
[megaone.themesindustry.com/vendor/fonts/fa-brands-400.svg]
[megaone.themesindustry.com/vendor/fonts/fa-regular-400.html]
[megaone.themesindustry.com/vendor/fonts/fa-regular-400.svg]
[megaone.themesindustry.com/vendor/fonts/fa-solid-900.html]
[megaone.themesindustry.com/vendor/fonts/fa-solid-900.svg]
[megaone.themesindustry.com/vendor/fonts/LineIcons5594.svg]
[megaone.themesindustry.com/vendor/fonts/revicons/revicons90c6.html]
[megaone.themesindustry.com/vendor/fonts/revicons/revicons90c6-2.html]
[megaone.themesindustry.com/vendor/fonts/revicons/revicons90c6-3.html]
[megaone.themesindustry.com/vendor/fonts/revicons/revicons90c6-4.html]
[megaone.themesindustry.com/vendor/css/openhand.html]
[megaone.themesindustry.com/vendor/css/closedhand.html]
[megaone.themesindustry.com/vendor/assets/gridtile.html]
[megaone.themesindustry.com/vendor/assets/gridtile_white.html]
[megaone.themesindustry.com/vendor/assets/gridtile_3x3.html]
[megaone.themesindustry.com/vendor/assets/gridtile_3x3_white.html]
[megaone.themesindustry.com/vendor/assets/coloredbg.html]
[megaone.themesindustry.com/vendor/assets/loader.html]
[megaone.themesindustry.com/vendor/css/owl.video.play.html]
